{
    "Test Function extract_csv": {
        "content": null,
        "timestamp": "2023-06-05T10:39:32+0000"
    }
}