{
    "software_versions": {
        "content": [
            "{BASES2FASTQ={bases2fastq=1.1.0.593880262, use subject to license available at elementbiosciences.com}, CUSTOM_DUMPSOFTWAREVERSIONS={python=3.11.7, yaml=5.4.1}, FALCO={falco=1.2.1}, FASTP={fastp=0.23.4}, UNTAR={untar=1.30}, Workflow={nf-core/demultiplex=1.4.1}}"
        ],
        "timestamp": "2024-02-02T13:35:40.754431"
    },
    "bases2fastq": {
        "content": [
            "Metrics.csv:md5,87702e562aa1091e70e5d6e2e19f10b0",
            "RunManifest.json:md5,d4ecdb19e5fbcffab3e6e770c34023fb",
            "UnassignedSequences.csv:md5,11c1693830ce941b8cfb8d2431a59097",
            "DefaultSample_R1.fastq.gz:md5,0cc292ca98e126f915a6c0ea9588b752",
            "DefaultSample_R2.fastq.gz:md5,069b0ccb3069a47abd97c39377b10c34"
        ],
        "timestamp": "2023-12-11T16:40:05.942646"
    }
}
