{
    "fqtk": {
        "content": [
            "demux-metrics.txt:md5,1d587fa959f9129155314cf531103347"
        ],
        "timestamp": "2023-10-17T08:06:53+0000"
    },
    "software_versions": {
        "content": [
            "{CUSTOM_DUMPSOFTWAREVERSIONS={python=3.11.7, yaml=5.4.1}, FALCO={falco=1.2.1}, FASTP={fastp=0.23.4}, FQTK={fqtk=0.2.1}, UNTAR={untar=1.30}, Workflow={nf-core/demultiplex=1.4.1}}"
        ],
        "timestamp": "2024-02-02T13:44:27.866672"
    }
}
